◇ injected env (8) from .env
🌐 Mini App Mural Teacher active sur http://0.0.0.0:3000
🤖 Mural Teacher Bot démarré avec succès : @MuralTeacherBot
◇ injected env (8) from .env
🌐 Mini App Mural Teacher active sur http://0.0.0.0:3000
🤖 Mural Teacher Bot démarré avec succès : @MuralTeacherBot
◇ injected env (8) from .env
🌐 Mini App Mural Teacher active sur http://0.0.0.0:3000
🤖 Mural Teacher Bot démarré avec succès : @MuralTeacherBot
/home/ubuntu/muralteacherbot/node_modules/grammy/out/core/error.js:47
    return new GrammyError(`Call to '${method}' failed!`, err, method, payload);
           ^

GrammyError: Call to 'getUpdates' failed! (409: Conflict: terminated by other getUpdates request; make sure that only one bot instance is running)
    at toGrammyError (/home/ubuntu/muralteacherbot/node_modules/grammy/out/core/error.js:47:12)
    at ApiClient.callApi (/home/ubuntu/muralteacherbot/node_modules/grammy/out/core/client.js:101:48)
    at process.processTicksAndRejections (node:internal/process/task_queues:104:5)
    at async Bot.fetchUpdates (/home/ubuntu/muralteacherbot/node_modules/grammy/out/bot.js:427:27)
    at async Bot.loop (/home/ubuntu/muralteacherbot/node_modules/grammy/out/bot.js:398:33)
    at async Bot.start (/home/ubuntu/muralteacherbot/node_modules/grammy/out/bot.js:319:9) {
  method: 'getUpdates',
  payload: { offset: 1, limit: undefined, timeout: 30, allowed_updates: [] },
  ok: false,
  error_code: 409,
  description: 'Conflict: terminated by other getUpdates request; make sure that only one bot instance is running',
  parameters: {}
}

Node.js v26.9.0
◇ injected env (8) from .env
🌐 Mini App Mural Teacher active sur http://0.0.0.0:3000
🤖 Mural Teacher Bot démarré avec succès : @MuralTeacherBot
◇ injected env (8) from .env
🌐 Mini App Mural Teacher active sur http://0.0.0.0:3000
🤖 Mural Teacher Bot démarré avec succès : @MuralTeacherBot
/home/ubuntu/muralteacherbot/node_modules/grammy/out/core/error.js:47
    return new GrammyError(`Call to '${method}' failed!`, err, method, payload);
           ^

GrammyError: Call to 'getUpdates' failed! (409: Conflict: terminated by other getUpdates request; make sure that only one bot instance is running)
    at toGrammyError (/home/ubuntu/muralteacherbot/node_modules/grammy/out/core/error.js:47:12)
    at ApiClient.callApi (/home/ubuntu/muralteacherbot/node_modules/grammy/out/core/client.js:101:48)
    at process.processTicksAndRejections (node:internal/process/task_queues:104:5)
    at async Bot.fetchUpdates (/home/ubuntu/muralteacherbot/node_modules/grammy/out/bot.js:427:27)
    at async Bot.loop (/home/ubuntu/muralteacherbot/node_modules/grammy/out/bot.js:398:33)
    at async Bot.start (/home/ubuntu/muralteacherbot/node_modules/grammy/out/bot.js:319:9) {
  method: 'getUpdates',
  payload: {
    offset: 1,
    limit: undefined,
    timeout: 30,
    allowed_updates: undefined
  },
  ok: false,
  error_code: 409,
  description: 'Conflict: terminated by other getUpdates request; make sure that only one bot instance is running',
  parameters: {}
}

Node.js v26.9.0
◇ injected env (8) from .env
🌐 Mini App Mural Teacher active sur http://0.0.0.0:3000
🤖 Mural Teacher Bot démarré avec succès : @MuralTeacherBot
◇ injected env (8) from .env
🌐 Mini App Mural Teacher active sur http://0.0.0.0:3000
🤖 Mural Teacher Bot démarré avec succès : @MuralTeacherBot
◇ injected env (8) from .env
🌐 Mini App Mural Teacher active sur http://0.0.0.0:3000
🤖 Mural Teacher Bot démarré avec succès : @MuralTeacherBot
◇ injected env (8) from .env
🌐 Mini App Fluence Teacher active sur http://0.0.0.0:3000
🤖 Fluence Teacher Bot démarré avec succès : @MuralTeacherBot
/home/ubuntu/muralteacherbot/node_modules/grammy/out/core/error.js:47
    return new GrammyError(`Call to '${method}' failed!`, err, method, payload);
           ^

GrammyError: Call to 'getUpdates' failed! (409: Conflict: terminated by other getUpdates request; make sure that only one bot instance is running)
    at toGrammyError (/home/ubuntu/muralteacherbot/node_modules/grammy/out/core/error.js:47:12)
    at ApiClient.callApi (/home/ubuntu/muralteacherbot/node_modules/grammy/out/core/client.js:101:48)
    at process.processTicksAndRejections (node:internal/process/task_queues:104:5)
    at async Bot.fetchUpdates (/home/ubuntu/muralteacherbot/node_modules/grammy/out/bot.js:427:27)
    at async Bot.loop (/home/ubuntu/muralteacherbot/node_modules/grammy/out/bot.js:398:33)
    at async Bot.start (/home/ubuntu/muralteacherbot/node_modules/grammy/out/bot.js:319:9) {
  method: 'getUpdates',
  payload: { offset: 1, limit: undefined, timeout: 30, allowed_updates: [] },
  ok: false,
  error_code: 409,
  description: 'Conflict: terminated by other getUpdates request; make sure that only one bot instance is running',
  parameters: {}
}

Node.js v26.9.0
◇ injected env (8) from .env
🌐 Mini App Fluence Teacher active sur http://0.0.0.0:3000
🤖 Fluence Teacher Bot démarré avec succès : @MuralTeacherBot
◇ injected env (8) from .env
🌐 Mini App Fluence Teacher active sur http://0.0.0.0:3000
🤖 Fluence Teacher Bot démarré avec succès : @MuralTeacherBot
✅ Menu Button Telegram configuré sur Fluence Direct
/home/ubuntu/muralteacherbot/node_modules/grammy/out/core/error.js:47
    return new GrammyError(`Call to '${method}' failed!`, err, method, payload);
           ^

GrammyError: Call to 'getUpdates' failed! (409: Conflict: terminated by other getUpdates request; make sure that only one bot instance is running)
    at toGrammyError (/home/ubuntu/muralteacherbot/node_modules/grammy/out/core/error.js:47:12)
    at ApiClient.callApi (/home/ubuntu/muralteacherbot/node_modules/grammy/out/core/client.js:101:48)
    at process.processTicksAndRejections (node:internal/process/task_queues:104:5)
    at async Bot.fetchUpdates (/home/ubuntu/muralteacherbot/node_modules/grammy/out/bot.js:427:27)
    at async Bot.loop (/home/ubuntu/muralteacherbot/node_modules/grammy/out/bot.js:398:33)
    at async Bot.start (/home/ubuntu/muralteacherbot/node_modules/grammy/out/bot.js:319:9) {
  method: 'getUpdates',
  payload: { offset: 1, limit: undefined, timeout: 30, allowed_updates: [] },
  ok: false,
  error_code: 409,
  description: 'Conflict: terminated by other getUpdates request; make sure that only one bot instance is running',
  parameters: {}
}

Node.js v26.9.0
◇ injected env (8) from .env
🌐 Mini App Fluence Teacher active sur http://0.0.0.0:3000
🤖 Fluence Teacher Bot démarré avec succès : @MuralTeacherBot
✅ Menu Button Telegram configuré sur Fluence Direct
◇ injected env (8) from .env
🌐 Mini App Fluence Teacher active sur http://0.0.0.0:3000
🤖 Fluence Teacher Bot démarré avec succès : @MuralTeacherBot
✅ Menu Button Telegram configuré sur Fluence Direct
/home/ubuntu/muralteacherbot/node_modules/grammy/out/core/error.js:47
    return new GrammyError(`Call to '${method}' failed!`, err, method, payload);
           ^

GrammyError: Call to 'getUpdates' failed! (409: Conflict: terminated by other getUpdates request; make sure that only one bot instance is running)
    at toGrammyError (/home/ubuntu/muralteacherbot/node_modules/grammy/out/core/error.js:47:12)
    at ApiClient.callApi (/home/ubuntu/muralteacherbot/node_modules/grammy/out/core/client.js:101:48)
    at process.processTicksAndRejections (node:internal/process/task_queues:104:5)
    at async Bot.fetchUpdates (/home/ubuntu/muralteacherbot/node_modules/grammy/out/bot.js:427:27)
    at async Bot.loop (/home/ubuntu/muralteacherbot/node_modules/grammy/out/bot.js:398:33)
    at async Bot.start (/home/ubuntu/muralteacherbot/node_modules/grammy/out/bot.js:319:9) {
  method: 'getUpdates',
  payload: { offset: 1, limit: undefined, timeout: 30, allowed_updates: [] },
  ok: false,
  error_code: 409,
  description: 'Conflict: terminated by other getUpdates request; make sure that only one bot instance is running',
  parameters: {}
}

Node.js v26.9.0
◇ injected env (8) from .env
🌐 Mini App Fluence Teacher active sur http://0.0.0.0:3000
🤖 Fluence Teacher Bot démarré avec succès : @MuralTeacherBot
✅ Menu Button Telegram configuré sur Fluence Direct
◇ injected env (8) from .env
🌐 Mini App Fluence Teacher active sur http://0.0.0.0:3000
🤖 Fluence Teacher Bot démarré avec succès : @MuralTeacherBot
✅ Menu Button Telegram configuré sur Fluence Direct
/home/ubuntu/muralteacherbot/node_modules/grammy/out/core/error.js:47
    return new GrammyError(`Call to '${method}' failed!`, err, method, payload);
           ^

GrammyError: Call to 'getUpdates' failed! (409: Conflict: terminated by other getUpdates request; make sure that only one bot instance is running)
    at toGrammyError (/home/ubuntu/muralteacherbot/node_modules/grammy/out/core/error.js:47:12)
    at ApiClient.callApi (/home/ubuntu/muralteacherbot/node_modules/grammy/out/core/client.js:101:48)
    at process.processTicksAndRejections (node:internal/process/task_queues:104:5)
    at async Bot.fetchUpdates (/home/ubuntu/muralteacherbot/node_modules/grammy/out/bot.js:427:27)
    at async Bot.loop (/home/ubuntu/muralteacherbot/node_modules/grammy/out/bot.js:398:33)
    at async Bot.start (/home/ubuntu/muralteacherbot/node_modules/grammy/out/bot.js:319:9) {
  method: 'getUpdates',
  payload: { offset: 1, limit: undefined, timeout: 30, allowed_updates: [] },
  ok: false,
  error_code: 409,
  description: 'Conflict: terminated by other getUpdates request; make sure that only one bot instance is running',
  parameters: {}
}

Node.js v26.9.0
◇ injected env (8) from .env
🌐 Mini App Fluence Teacher active sur http://0.0.0.0:3000
🤖 Fluence Teacher Bot démarré avec succès : @MuralTeacherBot
✅ Menu Button Telegram configuré sur Fluence Direct
◇ injected env (8) from .env
🌐 Mini App Fluence Teacher active sur http://0.0.0.0:3000
🤖 Fluence Teacher Bot démarré avec succès : @MuralTeacherBot
✅ Menu Button Telegram configuré sur Fluence Direct
/home/ubuntu/muralteacherbot/node_modules/grammy/out/core/error.js:47
    return new GrammyError(`Call to '${method}' failed!`, err, method, payload);
           ^

GrammyError: Call to 'getUpdates' failed! (409: Conflict: terminated by other getUpdates request; make sure that only one bot instance is running)
    at toGrammyError (/home/ubuntu/muralteacherbot/node_modules/grammy/out/core/error.js:47:12)
    at ApiClient.callApi (/home/ubuntu/muralteacherbot/node_modules/grammy/out/core/client.js:101:48)
    at process.processTicksAndRejections (node:internal/process/task_queues:104:5)
    at async Bot.fetchUpdates (/home/ubuntu/muralteacherbot/node_modules/grammy/out/bot.js:427:27)
    at async Bot.loop (/home/ubuntu/muralteacherbot/node_modules/grammy/out/bot.js:398:33)
    at async Bot.start (/home/ubuntu/muralteacherbot/node_modules/grammy/out/bot.js:319:9) {
  method: 'getUpdates',
  payload: { offset: 1, limit: undefined, timeout: 30, allowed_updates: [] },
  ok: false,
  error_code: 409,
  description: 'Conflict: terminated by other getUpdates request; make sure that only one bot instance is running',
  parameters: {}
}

Node.js v26.9.0
◇ injected env (8) from .env
🌐 Mini App Fluence Teacher active sur http://0.0.0.0:3000
🤖 Fluence Teacher Bot démarré avec succès : @MuralTeacherBot
✅ Menu Button Telegram configuré sur Fluence Direct
◇ injected env (8) from .env
🌐 Mini App Fluence Teacher active sur http://0.0.0.0:3000
🤖 Fluence Teacher Bot démarré avec succès : @MuralTeacherBot
✅ Menu Button Telegram configuré sur Fluence Direct
/home/ubuntu/muralteacherbot/node_modules/grammy/out/core/error.js:47
    return new GrammyError(`Call to '${method}' failed!`, err, method, payload);
           ^

GrammyError: Call to 'getUpdates' failed! (409: Conflict: terminated by other getUpdates request; make sure that only one bot instance is running)
    at toGrammyError (/home/ubuntu/muralteacherbot/node_modules/grammy/out/core/error.js:47:12)
    at ApiClient.callApi (/home/ubuntu/muralteacherbot/node_modules/grammy/out/core/client.js:101:48)
    at process.processTicksAndRejections (node:internal/process/task_queues:104:5)
    at async Bot.fetchUpdates (/home/ubuntu/muralteacherbot/node_modules/grammy/out/bot.js:427:27)
    at async Bot.loop (/home/ubuntu/muralteacherbot/node_modules/grammy/out/bot.js:398:33)
    at async Bot.start (/home/ubuntu/muralteacherbot/node_modules/grammy/out/bot.js:319:9) {
  method: 'getUpdates',
  payload: { offset: 1, limit: undefined, timeout: 30, allowed_updates: [] },
  ok: false,
  error_code: 409,
  description: 'Conflict: terminated by other getUpdates request; make sure that only one bot instance is running',
  parameters: {}
}

Node.js v26.9.0
◇ injected env (8) from .env
🌐 Mini App Fluence Teacher active sur http://0.0.0.0:3000
🤖 Fluence Teacher Bot démarré avec succès : @MuralTeacherBot
✅ Menu Button Telegram configuré sur Fluence Direct
◇ injected env (8) from .env
🌐 Mini App Fluence Teacher active sur http://0.0.0.0:3000
🤖 Fluence Teacher Bot démarré avec succès : @MuralTeacherBot
✅ Menu Button Telegram configuré sur Fluence Direct
/home/ubuntu/muralteacherbot/node_modules/grammy/out/core/error.js:47
    return new GrammyError(`Call to '${method}' failed!`, err, method, payload);
           ^

GrammyError: Call to 'getUpdates' failed! (409: Conflict: terminated by other getUpdates request; make sure that only one bot instance is running)
    at toGrammyError (/home/ubuntu/muralteacherbot/node_modules/grammy/out/core/error.js:47:12)
    at ApiClient.callApi (/home/ubuntu/muralteacherbot/node_modules/grammy/out/core/client.js:101:48)
    at process.processTicksAndRejections (node:internal/process/task_queues:104:5)
    at async Bot.fetchUpdates (/home/ubuntu/muralteacherbot/node_modules/grammy/out/bot.js:427:27)
    at async Bot.loop (/home/ubuntu/muralteacherbot/node_modules/grammy/out/bot.js:398:33)
    at async Bot.start (/home/ubuntu/muralteacherbot/node_modules/grammy/out/bot.js:319:9) {
  method: 'getUpdates',
  payload: { offset: 1, limit: undefined, timeout: 30, allowed_updates: [] },
  ok: false,
  error_code: 409,
  description: 'Conflict: terminated by other getUpdates request; make sure that only one bot instance is running',
  parameters: {}
}

Node.js v26.9.0
◇ injected env (8) from .env
🌐 Mini App Fluence Teacher active sur http://0.0.0.0:3000
🤖 Fluence Teacher Bot démarré avec succès : @MuralTeacherBot
✅ Menu Button Telegram configuré sur Fluence Direct
◇ injected env (8) from .env
🌐 Mini App Fluence Teacher active sur http://0.0.0.0:3000
🤖 Fluence Teacher Bot démarré avec succès : @MuralTeacherBot
✅ Menu Button Telegram configuré sur Fluence Direct
/home/ubuntu/muralteacherbot/node_modules/grammy/out/core/error.js:47
    return new GrammyError(`Call to '${method}' failed!`, err, method, payload);
           ^

GrammyError: Call to 'getUpdates' failed! (409: Conflict: terminated by other getUpdates request; make sure that only one bot instance is running)
    at toGrammyError (/home/ubuntu/muralteacherbot/node_modules/grammy/out/core/error.js:47:12)
    at ApiClient.callApi (/home/ubuntu/muralteacherbot/node_modules/grammy/out/core/client.js:101:48)
    at process.processTicksAndRejections (node:internal/process/task_queues:104:5)
    at async Bot.fetchUpdates (/home/ubuntu/muralteacherbot/node_modules/grammy/out/bot.js:427:27)
    at async Bot.loop (/home/ubuntu/muralteacherbot/node_modules/grammy/out/bot.js:398:33)
    at async Bot.start (/home/ubuntu/muralteacherbot/node_modules/grammy/out/bot.js:319:9) {
  method: 'getUpdates',
  payload: { offset: 1, limit: undefined, timeout: 30, allowed_updates: [] },
  ok: false,
  error_code: 409,
  description: 'Conflict: terminated by other getUpdates request; make sure that only one bot instance is running',
  parameters: {}
}

Node.js v26.9.0
◇ injected env (8) from .env
🌐 Mini App Fluence Teacher active sur http://0.0.0.0:3000
🤖 Fluence Teacher Bot démarré avec succès : @MuralTeacherBot
✅ Menu Button Telegram configuré sur Fluence Direct
◇ injected env (8) from .env
🌐 Mini App Fluence Teacher active sur http://0.0.0.0:3000
🤖 Fluence Teacher Bot démarré avec succès : @MuralTeacherBot
✅ Menu Button Telegram configuré sur Fluence Direct
/home/ubuntu/muralteacherbot/node_modules/grammy/out/core/error.js:47
    return new GrammyError(`Call to '${method}' failed!`, err, method, payload);
           ^

GrammyError: Call to 'getUpdates' failed! (409: Conflict: terminated by other getUpdates request; make sure that only one bot instance is running)
    at toGrammyError (/home/ubuntu/muralteacherbot/node_modules/grammy/out/core/error.js:47:12)
    at ApiClient.callApi (/home/ubuntu/muralteacherbot/node_modules/grammy/out/core/client.js:101:48)
    at process.processTicksAndRejections (node:internal/process/task_queues:104:5)
    at async Bot.fetchUpdates (/home/ubuntu/muralteacherbot/node_modules/grammy/out/bot.js:427:27)
    at async Bot.loop (/home/ubuntu/muralteacherbot/node_modules/grammy/out/bot.js:398:33)
    at async Bot.start (/home/ubuntu/muralteacherbot/node_modules/grammy/out/bot.js:319:9) {
  method: 'getUpdates',
  payload: { offset: 1, limit: undefined, timeout: 30, allowed_updates: [] },
  ok: false,
  error_code: 409,
  description: 'Conflict: terminated by other getUpdates request; make sure that only one bot instance is running',
  parameters: {}
}

Node.js v26.9.0
◇ injected env (8) from .env
🌐 Mini App Fluence Teacher active sur http://0.0.0.0:3000
🤖 Fluence Teacher Bot démarré avec succès : @MuralTeacherBot
✅ Menu Button Telegram configuré sur Fluence Direct
◇ injected env (8) from .env
🌐 Mini App Fluence Teacher active sur http://0.0.0.0:3000
🤖 Fluence Teacher Bot démarré avec succès : @MuralTeacherBot
✅ Menu Button Telegram configuré sur Fluence Direct
/home/ubuntu/muralteacherbot/node_modules/grammy/out/core/error.js:47
    return new GrammyError(`Call to '${method}' failed!`, err, method, payload);
           ^

GrammyError: Call to 'getUpdates' failed! (409: Conflict: terminated by other getUpdates request; make sure that only one bot instance is running)
    at toGrammyError (/home/ubuntu/muralteacherbot/node_modules/grammy/out/core/error.js:47:12)
    at ApiClient.callApi (/home/ubuntu/muralteacherbot/node_modules/grammy/out/core/client.js:101:48)
    at process.processTicksAndRejections (node:internal/process/task_queues:104:5)
    at async Bot.fetchUpdates (/home/ubuntu/muralteacherbot/node_modules/grammy/out/bot.js:427:27)
    at async Bot.loop (/home/ubuntu/muralteacherbot/node_modules/grammy/out/bot.js:398:33)
    at async Bot.start (/home/ubuntu/muralteacherbot/node_modules/grammy/out/bot.js:319:9) {
  method: 'getUpdates',
  payload: { offset: 1, limit: undefined, timeout: 30, allowed_updates: [] },
  ok: false,
  error_code: 409,
  description: 'Conflict: terminated by other getUpdates request; make sure that only one bot instance is running',
  parameters: {}
}

Node.js v26.9.0
◇ injected env (8) from .env
🌐 Mini App Fluence Teacher active sur http://0.0.0.0:3000
🤖 Fluence Teacher Bot démarré avec succès : @MuralTeacherBot
✅ Menu Button Telegram configuré sur Fluence Direct
◇ injected env (8) from .env
🌐 Mini App Fluence Teacher active sur http://0.0.0.0:3000
🤖 Fluence Teacher Bot démarré avec succès : @MuralTeacherBot
✅ Menu Button Telegram configuré sur Fluence Direct
/home/ubuntu/muralteacherbot/node_modules/grammy/out/core/error.js:47
    return new GrammyError(`Call to '${method}' failed!`, err, method, payload);
           ^

GrammyError: Call to 'getUpdates' failed! (409: Conflict: terminated by other getUpdates request; make sure that only one bot instance is running)
    at toGrammyError (/home/ubuntu/muralteacherbot/node_modules/grammy/out/core/error.js:47:12)
    at ApiClient.callApi (/home/ubuntu/muralteacherbot/node_modules/grammy/out/core/client.js:101:48)
    at process.processTicksAndRejections (node:internal/process/task_queues:104:5)
    at async Bot.fetchUpdates (/home/ubuntu/muralteacherbot/node_modules/grammy/out/bot.js:427:27)
    at async Bot.loop (/home/ubuntu/muralteacherbot/node_modules/grammy/out/bot.js:398:33)
    at async Bot.start (/home/ubuntu/muralteacherbot/node_modules/grammy/out/bot.js:319:9) {
  method: 'getUpdates',
  payload: { offset: 1, limit: undefined, timeout: 30, allowed_updates: [] },
  ok: false,
  error_code: 409,
  description: 'Conflict: terminated by other getUpdates request; make sure that only one bot instance is running',
  parameters: {}
}

Node.js v26.9.0
◇ injected env (8) from .env
🌐 Mini App Fluence Teacher active sur http://0.0.0.0:3000
🤖 Fluence Teacher Bot démarré avec succès : @MuralTeacherBot
✅ Menu Button Telegram configuré sur Fluence Direct
◇ injected env (8) from .env
🌐 API Fluence Teacher active sur http://0.0.0.0:3000
🤖 Fluence Bot démarré avec succès : @MuralTeacherBot
✅ Menu Telegram configuré en mode 100% Natif
/home/ubuntu/muralteacherbot/node_modules/grammy/out/core/error.js:47
    return new GrammyError(`Call to '${method}' failed!`, err, method, payload);
           ^

GrammyError: Call to 'getUpdates' failed! (409: Conflict: terminated by other getUpdates request; make sure that only one bot instance is running)
    at toGrammyError (/home/ubuntu/muralteacherbot/node_modules/grammy/out/core/error.js:47:12)
    at ApiClient.callApi (/home/ubuntu/muralteacherbot/node_modules/grammy/out/core/client.js:101:48)
    at process.processTicksAndRejections (node:internal/process/task_queues:104:5)
    at async Bot.fetchUpdates (/home/ubuntu/muralteacherbot/node_modules/grammy/out/bot.js:427:27)
    at async Bot.loop (/home/ubuntu/muralteacherbot/node_modules/grammy/out/bot.js:398:33)
    at async Bot.start (/home/ubuntu/muralteacherbot/node_modules/grammy/out/bot.js:319:9) {
  method: 'getUpdates',
  payload: { offset: 1, limit: undefined, timeout: 30, allowed_updates: [] },
  ok: false,
  error_code: 409,
  description: 'Conflict: terminated by other getUpdates request; make sure that only one bot instance is running',
  parameters: {}
}

Node.js v26.9.0
◇ injected env (8) from .env
🌐 API Fluence Teacher active sur http://0.0.0.0:3000
🤖 Fluence Bot démarré avec succès : @MuralTeacherBot
✅ Menu Telegram configuré en mode 100% Natif
